[2026-05-30 05:36:35] mail() failed: LaBS Password Reset Code -> ci230027@student.uthm.edu.my
[2026-05-30 05:52:35] mail() failed: LaBS Password Reset Code -> ci230027@student.uthm.edu.my
[2026-06-01 20:07:24] PHPMailer sent: LaBS Password Reset Code -> ci230027@student.uthm.edu.my
[2026-06-01 20:42:35] PHPMailer sent: Booking cancelled for your lab -> mim.haura@gmail.com
[2026-06-01 20:42:39] PHPMailer sent: Booking cancelled for your lab -> ksgt@uthm.edu.my
[2026-06-05 08:15:50] PHPMailer failed: SMTP Error: Could not connect to SMTP host. Failed to connect to server
[2026-06-05 08:16:05] PHPMailer failed: SMTP Error: Could not connect to SMTP host. Failed to connect to server
[2026-06-05 08:19:29] PHPMailer failed: SMTP Error: Could not connect to SMTP host. Failed to connect to server
[2026-06-05 08:19:44] PHPMailer failed: SMTP Error: Could not connect to SMTP host. Failed to connect to server
[2026-06-05 08:20:11] PHPMailer failed: SMTP Error: Could not connect to SMTP host. Failed to connect to server
[2026-06-05 08:20:33] PHPMailer failed: SMTP Error: Could not connect to SMTP host. Failed to connect to server
[2026-06-05 08:22:21] PHPMailer failed: SMTP Error: Could not connect to SMTP host. Failed to connect to server
[2026-06-05 08:22:42] PHPMailer sent: LaBS Password Reset Code -> ci230027@student.uthm.edu.my
[2026-06-07 19:54:28] PHPMailer sent: Lab booking submitted -> anisfaqihah58@gmail.com
[2026-06-07 19:54:33] PHPMailer sent: New lab booking for your lab -> mim.haura@gmail.com
[2026-06-07 19:54:38] PHPMailer sent: New lab booking for your lab -> ksgt@uthm.edu.my
[2026-06-07 19:55:45] PHPMailer sent: Booking cancelled for your lab -> mim.haura@gmail.com
[2026-06-07 19:55:51] PHPMailer sent: Booking cancelled for your lab -> ksgt@uthm.edu.my
[2026-06-07 20:00:48] PHPMailer sent: Booking rejected -> anisfaqihah58@gmail.com
[2026-06-07 20:00:53] PHPMailer sent: Booking rejected in your cluster -> ksgt@uthm.edu.my
[2026-06-07 20:13:25] PHPMailer sent: Group booking submitted -> mim.haura@gmail.com
[2026-06-07 20:13:30] PHPMailer sent: New group booking for your lab -> ksgt@uthm.edu.my
[2026-06-12 20:48:36] PHPMailer sent: Booking rejected -> mim.haura@gmail.com
[2026-06-12 20:48:41] PHPMailer sent: Booking rejected in your cluster -> ksgt@uthm.edu.my
[2026-06-14 21:41:23] PHPMailer sent: LaBS Password Reset Code -> ci230027@student.uthm.edu.my
[2026-06-14 21:45:36] PHPMailer sent: Booking rejected -> mim.haura@gmail.com
[2026-06-14 21:45:42] PHPMailer sent: Booking rejected in your cluster -> ksgt@uthm.edu.my
[2026-07-08 19:46:55] PHPMailer sent: Lab booking submitted -> ci230027@student.uthm.edu.my
[2026-07-08 19:47:00] PHPMailer sent: New lab booking for your lab -> mim.haura@gmail.com
[2026-07-08 19:47:05] PHPMailer sent: New lab booking for your lab -> amelia.chong@example.com
[2026-07-08 19:47:09] PHPMailer sent: New lab booking for your lab -> ksgt@uthm.edu.my
[2026-07-08 19:47:13] PHPMailer sent: New lab booking for your lab -> liyana.mokhtar@example.com
[2026-07-09 05:11:28] PHPMailer failed: SMTP Error: Could not connect to SMTP host. Failed to connect to server
[2026-07-09 05:11:43] PHPMailer failed: SMTP Error: Could not connect to SMTP host. Failed to connect to server
[2026-07-09 05:11:43] Email skipped: placeholder recipient [amelia.chong@example.com]
[2026-07-09 05:11:58] PHPMailer failed: SMTP Error: Could not connect to SMTP host. Failed to connect to server
[2026-07-09 05:11:58] Email skipped: placeholder recipient [liyana.mokhtar@example.com]
[2026-07-09 05:18:01] PHPMailer failed: SMTP Error: Could not connect to SMTP host. Failed to connect to server
[2026-07-09 05:18:01] Email skipped: placeholder recipient [amelia.chong@example.com]
[2026-07-09 05:18:16] PHPMailer failed: SMTP Error: Could not connect to SMTP host. Failed to connect to server
[2026-07-09 05:18:16] Email skipped: placeholder recipient [liyana.mokhtar@example.com]
[2026-07-09 05:34:06] PHPMailer failed: SMTP Error: Could not connect to SMTP host. Failed to connect to server
[2026-07-09 05:34:06] Email skipped: placeholder recipient [amelia.chong@example.com]
[2026-07-09 05:34:21] PHPMailer failed: SMTP Error: Could not connect to SMTP host. Failed to connect to server
[2026-07-09 05:34:21] Email skipped: placeholder recipient [liyana.mokhtar@example.com]
[2026-07-09 05:34:54] PHPMailer sent: Group booking updated -> mim.haura@gmail.com
[2026-07-09 05:34:54] Email skipped: placeholder recipient [amelia.chong@example.com]
[2026-07-09 05:34:58] PHPMailer sent: Group booking updated for your lab -> ksgt@uthm.edu.my
[2026-07-09 05:34:58] Email skipped: placeholder recipient [liyana.mokhtar@example.com]
